// Vitest Snapshot v1, https://vitest.dev/guide/snapshot.html

exports[`Builder > Show 1`] = `
{
  "data": {
    "blocks": [
      {
        "@type": "@builder.io/sdk:Element",
        "actions": {},
        "bindings": {},
        "children": [
          {
            "@type": "@builder.io/sdk:Element",
            "children": [
              {
                "@type": "@builder.io/sdk:Element",
                "bindings": {
                  "show": "state.loading",
                },
                "children": [
                  {
                    "@type": "@builder.io/sdk:Element",
                    "actions": {},
                    "bindings": {},
                    "children": [
                      {
                        "@type": "@builder.io/sdk:Element",
                        "bindings": {},
                        "component": {
                          "name": "Text",
                          "options": {
                            "text": "Loading",
                          },
                        },
                        "tagName": "span",
                      },
                    ],
                    "code": {
                      "actions": {},
                      "bindings": {},
                    },
                    "properties": {},
                    "tagName": "p",
                  },
                ],
                "component": {
                  "name": "Core:Fragment",
                },
              },
              {
                "@type": "@builder.io/sdk:Element",
                "bindings": {
                  "show": "!state.loading",
                },
                "children": [
                  {
                    "@type": "@builder.io/sdk:Element",
                    "actions": {},
                    "bindings": {},
                    "children": [
                      {
                        "@type": "@builder.io/sdk:Element",
                        "bindings": {},
                        "component": {
                          "name": "Text",
                          "options": {
                            "text": "Loaded",
                          },
                        },
                        "tagName": "span",
                      },
                    ],
                    "code": {
                      "actions": {},
                      "bindings": {},
                    },
                    "properties": {},
                    "tagName": "p",
                  },
                ],
                "component": {
                  "name": "Core:Fragment",
                },
              },
            ],
            "component": {
              "name": "Core:Fragment",
            },
          },
        ],
        "code": {
          "actions": {},
          "bindings": {},
        },
        "properties": {},
        "tagName": "div",
      },
    ],
    "jsCode": "",
    "tsCode": "",
  },
}
`;

exports[`Builder > Show 2`] = `
"import { Show } from \\"@builder.io/mitosis\\";
import { Fragment } from \\"@components\\";

export default function MyComponent(props) {
  return (
    <div>
      <Fragment>
        <Show when={state.loading}>
          <p>Loading</p>
        </Show>
        <Show when={!state.loading}>
          <p>Loaded</p>
        </Show>
      </Fragment>
    </div>
  );
}
"
`;
